<?xml version="1.0"?>
<link_info>
   <banner>TMS320C55x Linker PC v4.4.1</banner>
   <copyright>Copyright (c) 1996-2012 Texas Instruments Incorporated</copyright>
   <link_time>0x5c26608f</link_time>
   <output_file>LCWM.out</output_file>
   <entry_point>
      <name>_c_int00</name>
      <address>0x25252</address>
   </entry_point>
   <input_file_list>
      <input_file id="fl-2">
         <path>.\</path>
         <kind>object</kind>
         <file>usbstk5515_led.obj</file>
         <name>usbstk5515_led.obj</name>
      </input_file>
      <input_file id="fl-3">
         <path>.\</path>
         <kind>object</kind>
         <file>usbstk5515_i2c.obj</file>
         <name>usbstk5515_i2c.obj</name>
      </input_file>
      <input_file id="fl-4">
         <path>.\</path>
         <kind>object</kind>
         <file>usbstk5515_gpio.obj</file>
         <name>usbstk5515_gpio.obj</name>
      </input_file>
      <input_file id="fl-5">
         <path>.\</path>
         <kind>object</kind>
         <file>usbstk5515.obj</file>
         <name>usbstk5515.obj</name>
      </input_file>
      <input_file id="fl-6">
         <path>.\</path>
         <kind>object</kind>
         <file>sinewaves.obj</file>
         <name>sinewaves.obj</name>
      </input_file>
      <input_file id="fl-7">
         <path>.\</path>
         <kind>object</kind>
         <file>main.obj</file>
         <name>main.obj</name>
      </input_file>
      <input_file id="fl-8">
         <path>.\</path>
         <kind>object</kind>
         <file>aic3204_init.obj</file>
         <name>aic3204_init.obj</name>
      </input_file>
      <input_file id="fl-9">
         <path>.\</path>
         <kind>object</kind>
         <file>aic3204.obj</file>
         <name>aic3204.obj</name>
      </input_file>
      <input_file id="fl-a">
         <path>.\</path>
         <kind>object</kind>
         <file>Transfer.obj</file>
         <name>Transfer.obj</name>
      </input_file>
      <input_file id="fl-b">
         <path>.\</path>
         <kind>object</kind>
         <file>PLL.obj</file>
         <name>PLL.obj</name>
      </input_file>
      <input_file id="fl-11">
         <path>..\</path>
         <kind>archive</kind>
         <file>55xdsph.lib</file>
         <name>sine.obj</name>
      </input_file>
      <input_file id="fl-12">
         <path>..\</path>
         <kind>archive</kind>
         <file>CSLc55x5h.lib</file>
         <name>csl_pll.obj</name>
      </input_file>
      <input_file id="fl-26">
         <path>C:\ti\ccsv5\tools\compiler\c5500_4.4.1\lib\</path>
         <kind>archive</kind>
         <file>rts55h.lib</file>
         <name>boot.obj</name>
      </input_file>
      <input_file id="fl-27">
         <path>C:\ti\ccsv5\tools\compiler\c5500_4.4.1\lib\</path>
         <kind>archive</kind>
         <file>rts55h.lib</file>
         <name>exit.obj</name>
      </input_file>
      <input_file id="fl-28">
         <path>C:\ti\ccsv5\tools\compiler\c5500_4.4.1\lib\</path>
         <kind>archive</kind>
         <file>rts55h.lib</file>
         <name>fclose.obj</name>
      </input_file>
      <input_file id="fl-29">
         <path>C:\ti\ccsv5\tools\compiler\c5500_4.4.1\lib\</path>
         <kind>archive</kind>
         <file>rts55h.lib</file>
         <name>fflush.obj</name>
      </input_file>
      <input_file id="fl-2a">
         <path>C:\ti\ccsv5\tools\compiler\c5500_4.4.1\lib\</path>
         <kind>archive</kind>
         <file>rts55h.lib</file>
         <name>fopen.obj</name>
      </input_file>
      <input_file id="fl-2b">
         <path>C:\ti\ccsv5\tools\compiler\c5500_4.4.1\lib\</path>
         <kind>archive</kind>
         <file>rts55h.lib</file>
         <name>fputc.obj</name>
      </input_file>
      <input_file id="fl-2c">
         <path>C:\ti\ccsv5\tools\compiler\c5500_4.4.1\lib\</path>
         <kind>archive</kind>
         <file>rts55h.lib</file>
         <name>fputs.obj</name>
      </input_file>
      <input_file id="fl-2d">
         <path>C:\ti\ccsv5\tools\compiler\c5500_4.4.1\lib\</path>
         <kind>archive</kind>
         <file>rts55h.lib</file>
         <name>lowlev.obj</name>
      </input_file>
      <input_file id="fl-2e">
         <path>C:\ti\ccsv5\tools\compiler\c5500_4.4.1\lib\</path>
         <kind>archive</kind>
         <file>rts55h.lib</file>
         <name>memcpy.obj</name>
      </input_file>
      <input_file id="fl-2f">
         <path>C:\ti\ccsv5\tools\compiler\c5500_4.4.1\lib\</path>
         <kind>archive</kind>
         <file>rts55h.lib</file>
         <name>memory.obj</name>
      </input_file>
      <input_file id="fl-30">
         <path>C:\ti\ccsv5\tools\compiler\c5500_4.4.1\lib\</path>
         <kind>archive</kind>
         <file>rts55h.lib</file>
         <name>printf.obj</name>
      </input_file>
      <input_file id="fl-31">
         <path>C:\ti\ccsv5\tools\compiler\c5500_4.4.1\lib\</path>
         <kind>archive</kind>
         <file>rts55h.lib</file>
         <name>remove.obj</name>
      </input_file>
      <input_file id="fl-32">
         <path>C:\ti\ccsv5\tools\compiler\c5500_4.4.1\lib\</path>
         <kind>archive</kind>
         <file>rts55h.lib</file>
         <name>trgdrv.obj</name>
      </input_file>
      <input_file id="fl-33">
         <path>C:\ti\ccsv5\tools\compiler\c5500_4.4.1\lib\</path>
         <kind>archive</kind>
         <file>rts55h.lib</file>
         <name>trgmsg.obj</name>
      </input_file>
      <input_file id="fl-34">
         <path>C:\ti\ccsv5\tools\compiler\c5500_4.4.1\lib\</path>
         <kind>archive</kind>
         <file>rts55h.lib</file>
         <name>vectors.obj</name>
      </input_file>
      <input_file id="fl-35">
         <path>C:\ti\ccsv5\tools\compiler\c5500_4.4.1\lib\</path>
         <kind>archive</kind>
         <file>rts55h.lib</file>
         <name>_io_perm.obj</name>
      </input_file>
      <input_file id="fl-36">
         <path>C:\ti\ccsv5\tools\compiler\c5500_4.4.1\lib\</path>
         <kind>archive</kind>
         <file>rts55h.lib</file>
         <name>_lock.obj</name>
      </input_file>
      <input_file id="fl-37">
         <path>C:\ti\ccsv5\tools\compiler\c5500_4.4.1\lib\</path>
         <kind>archive</kind>
         <file>rts55h.lib</file>
         <name>_printfi.obj</name>
      </input_file>
      <input_file id="fl-38">
         <path>C:\ti\ccsv5\tools\compiler\c5500_4.4.1\lib\</path>
         <kind>archive</kind>
         <file>rts55h.lib</file>
         <name>args_main.obj</name>
      </input_file>
      <input_file id="fl-39">
         <path>C:\ti\ccsv5\tools\compiler\c5500_4.4.1\lib\</path>
         <kind>archive</kind>
         <file>rts55h.lib</file>
         <name>atoi.obj</name>
      </input_file>
      <input_file id="fl-3a">
         <path>C:\ti\ccsv5\tools\compiler\c5500_4.4.1\lib\</path>
         <kind>archive</kind>
         <file>rts55h.lib</file>
         <name>autoinit.obj</name>
      </input_file>
      <input_file id="fl-3b">
         <path>C:\ti\ccsv5\tools\compiler\c5500_4.4.1\lib\</path>
         <kind>archive</kind>
         <file>rts55h.lib</file>
         <name>cmpd.obj</name>
      </input_file>
      <input_file id="fl-3c">
         <path>C:\ti\ccsv5\tools\compiler\c5500_4.4.1\lib\</path>
         <kind>archive</kind>
         <file>rts55h.lib</file>
         <name>ctype.obj</name>
      </input_file>
      <input_file id="fl-3d">
         <path>C:\ti\ccsv5\tools\compiler\c5500_4.4.1\lib\</path>
         <kind>archive</kind>
         <file>rts55h.lib</file>
         <name>defs.obj</name>
      </input_file>
      <input_file id="fl-3e">
         <path>C:\ti\ccsv5\tools\compiler\c5500_4.4.1\lib\</path>
         <kind>archive</kind>
         <file>rts55h.lib</file>
         <name>divd.obj</name>
      </input_file>
      <input_file id="fl-3f">
         <path>C:\ti\ccsv5\tools\compiler\c5500_4.4.1\lib\</path>
         <kind>archive</kind>
         <file>rts55h.lib</file>
         <name>divul.obj</name>
      </input_file>
      <input_file id="fl-40">
         <path>C:\ti\ccsv5\tools\compiler\c5500_4.4.1\lib\</path>
         <kind>archive</kind>
         <file>rts55h.lib</file>
         <name>fixdi.obj</name>
      </input_file>
      <input_file id="fl-41">
         <path>C:\ti\ccsv5\tools\compiler\c5500_4.4.1\lib\</path>
         <kind>archive</kind>
         <file>rts55h.lib</file>
         <name>fixdli.obj</name>
      </input_file>
      <input_file id="fl-42">
         <path>C:\ti\ccsv5\tools\compiler\c5500_4.4.1\lib\</path>
         <kind>archive</kind>
         <file>rts55h.lib</file>
         <name>fltlid.obj</name>
      </input_file>
      <input_file id="fl-43">
         <path>C:\ti\ccsv5\tools\compiler\c5500_4.4.1\lib\</path>
         <kind>archive</kind>
         <file>rts55h.lib</file>
         <name>frcmpyd_div.obj</name>
      </input_file>
      <input_file id="fl-44">
         <path>C:\ti\ccsv5\tools\compiler\c5500_4.4.1\lib\</path>
         <kind>archive</kind>
         <file>rts55h.lib</file>
         <name>fseek.obj</name>
      </input_file>
      <input_file id="fl-45">
         <path>C:\ti\ccsv5\tools\compiler\c5500_4.4.1\lib\</path>
         <kind>archive</kind>
         <file>rts55h.lib</file>
         <name>isinf.obj</name>
      </input_file>
      <input_file id="fl-46">
         <path>C:\ti\ccsv5\tools\compiler\c5500_4.4.1\lib\</path>
         <kind>archive</kind>
         <file>rts55h.lib</file>
         <name>llmpy.obj</name>
      </input_file>
      <input_file id="fl-47">
         <path>C:\ti\ccsv5\tools\compiler\c5500_4.4.1\lib\</path>
         <kind>archive</kind>
         <file>rts55h.lib</file>
         <name>lmpy.obj</name>
      </input_file>
      <input_file id="fl-48">
         <path>C:\ti\ccsv5\tools\compiler\c5500_4.4.1\lib\</path>
         <kind>archive</kind>
         <file>rts55h.lib</file>
         <name>ltoa.obj</name>
      </input_file>
      <input_file id="fl-49">
         <path>C:\ti\ccsv5\tools\compiler\c5500_4.4.1\lib\</path>
         <kind>archive</kind>
         <file>rts55h.lib</file>
         <name>memccpy.obj</name>
      </input_file>
      <input_file id="fl-4a">
         <path>C:\ti\ccsv5\tools\compiler\c5500_4.4.1\lib\</path>
         <kind>archive</kind>
         <file>rts55h.lib</file>
         <name>mpyd.obj</name>
      </input_file>
      <input_file id="fl-4b">
         <path>C:\ti\ccsv5\tools\compiler\c5500_4.4.1\lib\</path>
         <kind>archive</kind>
         <file>rts55h.lib</file>
         <name>negd.obj</name>
      </input_file>
      <input_file id="fl-4c">
         <path>C:\ti\ccsv5\tools\compiler\c5500_4.4.1\lib\</path>
         <kind>archive</kind>
         <file>rts55h.lib</file>
         <name>remli.obj</name>
      </input_file>
      <input_file id="fl-4d">
         <path>C:\ti\ccsv5\tools\compiler\c5500_4.4.1\lib\</path>
         <kind>archive</kind>
         <file>rts55h.lib</file>
         <name>remul.obj</name>
      </input_file>
      <input_file id="fl-4e">
         <path>C:\ti\ccsv5\tools\compiler\c5500_4.4.1\lib\</path>
         <kind>archive</kind>
         <file>rts55h.lib</file>
         <name>setvbuf.obj</name>
      </input_file>
      <input_file id="fl-4f">
         <path>C:\ti\ccsv5\tools\compiler\c5500_4.4.1\lib\</path>
         <kind>archive</kind>
         <file>rts55h.lib</file>
         <name>subd.obj</name>
      </input_file>
      <input_file id="fl-50">
         <path>C:\ti\ccsv5\tools\compiler\c5500_4.4.1\lib\</path>
         <kind>archive</kind>
         <file>rts55h.lib</file>
         <name>udiv.obj</name>
      </input_file>
      <input_file id="fl-51">
         <path>C:\ti\ccsv5\tools\compiler\c5500_4.4.1\lib\</path>
         <kind>archive</kind>
         <file>rts55h.lib</file>
         <name>addd.obj</name>
      </input_file>
      <input_file id="fl-52">
         <path>C:\ti\ccsv5\tools\compiler\c5500_4.4.1\lib\</path>
         <kind>archive</kind>
         <file>rts55h.lib</file>
         <name>divli.obj</name>
      </input_file>
      <input_file id="fl-53">
         <path>C:\ti\ccsv5\tools\compiler\c5500_4.4.1\lib\</path>
         <kind>archive</kind>
         <file>rts55h.lib</file>
         <name>frcmpyd.obj</name>
      </input_file>
   </input_file_list>
   <object_component_list>
      <object_component id="oc-af">
         <name>.text</name>
         <load_address>0x20000</load_address>
         <run_address>0x20000</run_address>
         <size>0x1533</size>
         <input_file_ref idref="fl-37"/>
      </object_component>
      <object_component id="oc-96">
         <name>.text</name>
         <load_address>0x21533</load_address>
         <run_address>0x21533</run_address>
         <size>0x538</size>
         <input_file_ref idref="fl-32"/>
      </object_component>
      <object_component id="oc-87">
         <name>.text</name>
         <load_address>0x21a6b</load_address>
         <run_address>0x21a6b</run_address>
         <size>0x533</size>
         <input_file_ref idref="fl-2f"/>
      </object_component>
      <object_component id="oc-37">
         <name>.text</name>
         <load_address>0x21f9e</load_address>
         <run_address>0x21f9e</run_address>
         <size>0x522</size>
         <input_file_ref idref="fl-8"/>
      </object_component>
      <object_component id="oc-7d">
         <name>.text</name>
         <load_address>0x224c0</load_address>
         <run_address>0x224c0</run_address>
         <size>0x518</size>
         <input_file_ref idref="fl-2d"/>
      </object_component>
      <object_component id="oc-cb">
         <name>.text</name>
         <load_address>0x229d8</load_address>
         <run_address>0x229d8</run_address>
         <size>0x3c7</size>
         <input_file_ref idref="fl-3e"/>
      </object_component>
      <object_component id="oc-49">
         <name>.text</name>
         <load_address>0x22d9f</load_address>
         <run_address>0x22d9f</run_address>
         <size>0x340</size>
         <input_file_ref idref="fl-b"/>
      </object_component>
      <object_component id="oc-56">
         <name>.text</name>
         <load_address>0x230df</load_address>
         <run_address>0x230df</run_address>
         <size>0x2ad</size>
         <input_file_ref idref="fl-12"/>
      </object_component>
      <object_component id="oc-6e">
         <name>.text</name>
         <load_address>0x2338c</load_address>
         <run_address>0x2338c</run_address>
         <size>0x26c</size>
         <input_file_ref idref="fl-2a"/>
      </object_component>
      <object_component id="oc-ec">
         <name>.text</name>
         <load_address>0x235f8</load_address>
         <run_address>0x235f8</run_address>
         <size>0x25c</size>
         <input_file_ref idref="fl-46"/>
      </object_component>
      <object_component id="oc-118">
         <name>.text</name>
         <load_address>0x23854</load_address>
         <run_address>0x23854</run_address>
         <size>0x257</size>
         <input_file_ref idref="fl-51"/>
      </object_component>
      <object_component id="oc-c1">
         <name>.text</name>
         <load_address>0x23aab</load_address>
         <run_address>0x23aab</run_address>
         <size>0x1ea</size>
         <input_file_ref idref="fl-3b"/>
      </object_component>
      <object_component id="oc-2f">
         <name>.text</name>
         <load_address>0x23c95</load_address>
         <run_address>0x23c95</run_address>
         <size>0x194</size>
         <input_file_ref idref="fl-7"/>
      </object_component>
      <object_component id="oc-78">
         <name>.text</name>
         <load_address>0x23e29</load_address>
         <run_address>0x23e29</run_address>
         <size>0x17b</size>
         <input_file_ref idref="fl-2c"/>
      </object_component>
      <object_component id="oc-1e">
         <name>.text</name>
         <load_address>0x23fa4</load_address>
         <run_address>0x23fa4</run_address>
         <size>0x164</size>
         <input_file_ref idref="fl-4"/>
      </object_component>
      <object_component id="oc-fc">
         <name>.text</name>
         <load_address>0x24108</load_address>
         <run_address>0x24108</run_address>
         <size>0x14b</size>
         <input_file_ref idref="fl-4a"/>
      </object_component>
      <object_component id="oc-3d">
         <name>.text</name>
         <load_address>0x24253</load_address>
         <run_address>0x24253</run_address>
         <size>0x13b</size>
         <input_file_ref idref="fl-9"/>
      </object_component>
      <object_component id="oc-17">
         <name>.text</name>
         <load_address>0x2438e</load_address>
         <run_address>0x2438e</run_address>
         <size>0x12a</size>
         <input_file_ref idref="fl-3"/>
      </object_component>
      <object_component id="oc-28">
         <name>.text</name>
         <load_address>0x244b8</load_address>
         <run_address>0x244b8</run_address>
         <size>0xfe</size>
         <input_file_ref idref="fl-6"/>
      </object_component>
      <object_component id="oc-43">
         <name>.text</name>
         <load_address>0x245b6</load_address>
         <run_address>0x245b6</run_address>
         <size>0xf6</size>
         <input_file_ref idref="fl-a"/>
      </object_component>
      <object_component id="oc-10c">
         <name>.text</name>
         <load_address>0x246ac</load_address>
         <run_address>0x246ac</run_address>
         <size>0xf3</size>
         <input_file_ref idref="fl-4e"/>
      </object_component>
      <object_component id="oc-a5">
         <name>.text</name>
         <load_address>0x2479f</load_address>
         <run_address>0x2479f</run_address>
         <size>0xda</size>
         <input_file_ref idref="fl-35"/>
      </object_component>
      <object_component id="oc-9e">
         <name>.text:CIO_breakpoint</name>
         <load_address>0x24879</load_address>
         <run_address>0x24879</run_address>
         <size>0xbe</size>
         <input_file_ref idref="fl-33"/>
      </object_component>
      <object_component id="oc-6a">
         <name>.text</name>
         <load_address>0x24937</load_address>
         <run_address>0x24937</run_address>
         <size>0xba</size>
         <input_file_ref idref="fl-29"/>
      </object_component>
      <object_component id="oc-74">
         <name>.text</name>
         <load_address>0x249f1</load_address>
         <run_address>0x249f1</run_address>
         <size>0xa2</size>
         <input_file_ref idref="fl-2b"/>
      </object_component>
      <object_component id="oc-cf">
         <name>.text</name>
         <load_address>0x24a93</load_address>
         <run_address>0x24a93</run_address>
         <size>0xa0</size>
         <input_file_ref idref="fl-3f"/>
      </object_component>
      <object_component id="oc-f4">
         <name>.text</name>
         <load_address>0x24b33</load_address>
         <run_address>0x24b33</run_address>
         <size>0x79</size>
         <input_file_ref idref="fl-48"/>
      </object_component>
      <object_component id="oc-51">
         <name>.text</name>
         <load_address>0x24bac</load_address>
         <run_address>0x24bac</run_address>
         <size>0x77</size>
         <input_file_ref idref="fl-11"/>
      </object_component>
      <object_component id="oc-66">
         <name>.text</name>
         <load_address>0x24c23</load_address>
         <run_address>0x24c23</run_address>
         <size>0x76</size>
         <input_file_ref idref="fl-28"/>
      </object_component>
      <object_component id="oc-120">
         <name>.text</name>
         <load_address>0x24c99</load_address>
         <run_address>0x24c99</run_address>
         <size>0x76</size>
         <input_file_ref idref="fl-53"/>
      </object_component>
      <object_component id="oc-e0">
         <name>.text</name>
         <load_address>0x24d0f</load_address>
         <run_address>0x24d0f</run_address>
         <size>0x73</size>
         <input_file_ref idref="fl-43"/>
      </object_component>
      <object_component id="oc-108">
         <name>.text</name>
         <load_address>0x24d82</load_address>
         <run_address>0x24d82</run_address>
         <size>0x70</size>
         <input_file_ref idref="fl-4d"/>
      </object_component>
      <object_component id="oc-d7">
         <name>.text</name>
         <load_address>0x24df2</load_address>
         <run_address>0x24df2</run_address>
         <size>0x6e</size>
         <input_file_ref idref="fl-41"/>
      </object_component>
      <object_component id="oc-9b">
         <name>.text</name>
         <load_address>0x24e60</load_address>
         <run_address>0x24e60</run_address>
         <size>0x6b</size>
         <input_file_ref idref="fl-33"/>
      </object_component>
      <object_component id="oc-e4">
         <name>.text</name>
         <load_address>0x24ecb</load_address>
         <run_address>0x24ecb</run_address>
         <size>0x68</size>
         <input_file_ref idref="fl-44"/>
      </object_component>
      <object_component id="oc-db">
         <name>.text</name>
         <load_address>0x24f33</load_address>
         <run_address>0x24f33</run_address>
         <size>0x67</size>
         <input_file_ref idref="fl-42"/>
      </object_component>
      <object_component id="oc-b9">
         <name>.text</name>
         <load_address>0x24f9a</load_address>
         <run_address>0x24f9a</run_address>
         <size>0x59</size>
         <input_file_ref idref="fl-39"/>
      </object_component>
      <object_component id="oc-83">
         <name>.text</name>
         <load_address>0x24ff3</load_address>
         <run_address>0x24ff3</run_address>
         <size>0x56</size>
         <input_file_ref idref="fl-2e"/>
      </object_component>
      <object_component id="oc-23">
         <name>.text</name>
         <load_address>0x25049</load_address>
         <run_address>0x25049</run_address>
         <size>0x54</size>
         <input_file_ref idref="fl-5"/>
      </object_component>
      <object_component id="oc-8e">
         <name>.text</name>
         <load_address>0x2509d</load_address>
         <run_address>0x2509d</run_address>
         <size>0x4e</size>
         <input_file_ref idref="fl-30"/>
      </object_component>
      <object_component id="oc-bd">
         <name>.text</name>
         <load_address>0x250eb</load_address>
         <run_address>0x250eb</run_address>
         <size>0x4d</size>
         <input_file_ref idref="fl-3a"/>
      </object_component>
      <object_component id="oc-104">
         <name>.text</name>
         <load_address>0x25138</load_address>
         <run_address>0x25138</run_address>
         <size>0x4b</size>
         <input_file_ref idref="fl-4c"/>
      </object_component>
      <object_component id="oc-b5">
         <name>.text</name>
         <load_address>0x25183</load_address>
         <run_address>0x25183</run_address>
         <size>0x49</size>
         <input_file_ref idref="fl-38"/>
      </object_component>
      <object_component id="oc-11c">
         <name>.text</name>
         <load_address>0x251cc</load_address>
         <run_address>0x251cc</run_address>
         <size>0x48</size>
         <input_file_ref idref="fl-52"/>
      </object_component>
      <object_component id="oc-5f">
         <name>.text</name>
         <load_address>0x25214</load_address>
         <run_address>0x25214</run_address>
         <size>0x3e</size>
         <input_file_ref idref="fl-27"/>
      </object_component>
      <object_component id="oc-10">
         <name>.text</name>
         <load_address>0x25252</load_address>
         <run_address>0x25252</run_address>
         <size>0x34</size>
         <input_file_ref idref="fl-26"/>
      </object_component>
      <object_component id="oc-12">
         <name>.text</name>
         <load_address>0x25286</load_address>
         <run_address>0x25286</run_address>
         <size>0x2d</size>
         <input_file_ref idref="fl-2"/>
      </object_component>
      <object_component id="oc-d3">
         <name>.text</name>
         <load_address>0x252b3</load_address>
         <run_address>0x252b3</run_address>
         <size>0x2a</size>
         <input_file_ref idref="fl-40"/>
      </object_component>
      <object_component id="oc-114">
         <name>.text</name>
         <load_address>0x252dd</load_address>
         <run_address>0x252dd</run_address>
         <size>0x2a</size>
         <input_file_ref idref="fl-50"/>
      </object_component>
      <object_component id="oc-f8">
         <name>.text</name>
         <load_address>0x25307</load_address>
         <run_address>0x25307</run_address>
         <size>0x22</size>
         <input_file_ref idref="fl-49"/>
      </object_component>
      <object_component id="oc-e8">
         <name>.text</name>
         <load_address>0x25329</load_address>
         <run_address>0x25329</run_address>
         <size>0x1a</size>
         <input_file_ref idref="fl-45"/>
      </object_component>
      <object_component id="oc-110">
         <name>.text</name>
         <load_address>0x25343</load_address>
         <run_address>0x25343</run_address>
         <size>0x14</size>
         <input_file_ref idref="fl-4f"/>
      </object_component>
      <object_component id="oc-f0">
         <name>.text</name>
         <load_address>0x25357</load_address>
         <run_address>0x25357</run_address>
         <size>0x13</size>
         <input_file_ref idref="fl-47"/>
      </object_component>
      <object_component id="oc-a9">
         <name>.text</name>
         <load_address>0x2536a</load_address>
         <run_address>0x2536a</run_address>
         <size>0x12</size>
         <input_file_ref idref="fl-36"/>
      </object_component>
      <object_component id="oc-100">
         <name>.text</name>
         <load_address>0x2537c</load_address>
         <run_address>0x2537c</run_address>
         <size>0x10</size>
         <input_file_ref idref="fl-4b"/>
      </object_component>
      <object_component id="oc-92">
         <name>.text</name>
         <load_address>0x2538c</load_address>
         <run_address>0x2538c</run_address>
         <size>0xa</size>
         <input_file_ref idref="fl-31"/>
      </object_component>
      <object_component id="oc-63">
         <name>.text:CIO_breakpoint</name>
         <load_address>0x25396</load_address>
         <run_address>0x25396</run_address>
         <size>0x7</size>
         <input_file_ref idref="fl-27"/>
      </object_component>
      <object_component id="oc-a1">
         <name>.text</name>
         <load_address>0x2539d</load_address>
         <run_address>0x2539d</run_address>
         <size>0x2</size>
         <input_file_ref idref="fl-34"/>
      </object_component>
      <object_component id="oc-5b">
         <name>.stack</name>
         <uninitialized>true</uninitialized>
         <run_address>0xc0</run_address>
         <size>0x0</size>
         <input_file_ref idref="fl-26"/>
      </object_component>
      <object_component id="oc-13e">
         <name>.stack</name>
         <uninitialized>true</uninitialized>
         <run_address>0xc0</run_address>
         <size>0x0</size>
      </object_component>
      <object_component id="oc-124">
         <name>.sysstack</name>
         <uninitialized>true</uninitialized>
         <run_address>0x20c0</run_address>
         <size>0x0</size>
         <input_file_ref idref="fl-26"/>
      </object_component>
      <object_component id="oc-140">
         <name>.sysstack</name>
         <uninitialized>true</uninitialized>
         <run_address>0x20c0</run_address>
         <size>0x0</size>
      </object_component>
      <object_component id="oc-52">
         <name>.data</name>
         <load_address>0x63e0</load_address>
         <run_address>0x63e0</run_address>
         <size>0xc</size>
         <input_file_ref idref="fl-11"/>
      </object_component>
      <object_component id="oc-c7">
         <name>.bss</name>
         <uninitialized>true</uninitialized>
         <run_address>0x5dbc</run_address>
         <size>0x232</size>
         <input_file_ref idref="fl-3d"/>
      </object_component>
      <object_component id="oc-97">
         <name>.bss</name>
         <uninitialized>true</uninitialized>
         <run_address>0x5fee</run_address>
         <size>0x1a0</size>
         <input_file_ref idref="fl-32"/>
      </object_component>
      <object_component id="oc-6f">
         <name>.bss</name>
         <uninitialized>true</uninitialized>
         <run_address>0x618e</run_address>
         <size>0x2</size>
         <input_file_ref idref="fl-2a"/>
      </object_component>
      <object_component id="oc-7e">
         <name>.bss</name>
         <uninitialized>true</uninitialized>
         <run_address>0x6190</run_address>
         <size>0xe2</size>
         <input_file_ref idref="fl-2d"/>
      </object_component>
      <object_component id="oc-18">
         <name>.bss</name>
         <uninitialized>true</uninitialized>
         <run_address>0x6272</run_address>
         <size>0x2</size>
         <input_file_ref idref="fl-3"/>
      </object_component>
      <object_component id="oc-30">
         <name>.bss</name>
         <uninitialized>true</uninitialized>
         <run_address>0x6274</run_address>
         <size>0xd8</size>
         <input_file_ref idref="fl-7"/>
      </object_component>
      <object_component id="oc-4a">
         <name>.bss</name>
         <uninitialized>true</uninitialized>
         <run_address>0x634c</run_address>
         <size>0x6c</size>
         <input_file_ref idref="fl-b"/>
      </object_component>
      <object_component id="oc-88">
         <name>.bss</name>
         <uninitialized>true</uninitialized>
         <run_address>0x63b8</run_address>
         <size>0xe</size>
         <input_file_ref idref="fl-2f"/>
      </object_component>
      <object_component id="oc-aa">
         <name>.bss</name>
         <uninitialized>true</uninitialized>
         <run_address>0x63c8</run_address>
         <size>0x8</size>
         <input_file_ref idref="fl-36"/>
      </object_component>
      <object_component id="oc-60">
         <name>.bss</name>
         <uninitialized>true</uninitialized>
         <run_address>0x63d0</run_address>
         <size>0x8</size>
         <input_file_ref idref="fl-27"/>
      </object_component>
      <object_component id="oc-3e">
         <name>.bss</name>
         <uninitialized>true</uninitialized>
         <run_address>0x63d8</run_address>
         <size>0x4</size>
         <input_file_ref idref="fl-9"/>
      </object_component>
      <object_component id="oc-29">
         <name>.bss</name>
         <uninitialized>true</uninitialized>
         <run_address>0x63dc</run_address>
         <size>0x4</size>
         <input_file_ref idref="fl-6"/>
      </object_component>
      <object_component id="oc-4d">
         <name>.const:.string</name>
         <load_address>0x50c0</load_address>
         <run_address>0x50c0</run_address>
         <size>0x46c</size>
         <input_file_ref idref="fl-b"/>
      </object_component>
      <object_component id="oc-45">
         <name>.const:.string</name>
         <load_address>0x552c</load_address>
         <run_address>0x552c</run_address>
         <size>0x2ec</size>
         <input_file_ref idref="fl-a"/>
      </object_component>
      <object_component id="oc-39">
         <name>.const:.string</name>
         <load_address>0x5818</load_address>
         <run_address>0x5818</run_address>
         <size>0x2e8</size>
         <input_file_ref idref="fl-8"/>
      </object_component>
      <object_component id="oc-125">
         <name>.const:__ctypes_</name>
         <load_address>0x5b00</load_address>
         <run_address>0x5b00</run_address>
         <size>0x202</size>
         <input_file_ref idref="fl-3c"/>
      </object_component>
      <object_component id="oc-b2">
         <name>.const:.string</name>
         <load_address>0x5d04</load_address>
         <run_address>0x5d04</run_address>
         <size>0x48</size>
         <input_file_ref idref="fl-37"/>
      </object_component>
      <object_component id="oc-33">
         <name>.const:.string</name>
         <load_address>0x5d4c</load_address>
         <run_address>0x5d4c</run_address>
         <size>0x3e</size>
         <input_file_ref idref="fl-7"/>
      </object_component>
      <object_component id="oc-b1">
         <name>.const</name>
         <load_address>0x5d8c</load_address>
         <run_address>0x5d8c</run_address>
         <size>0x18</size>
         <input_file_ref idref="fl-37"/>
      </object_component>
      <object_component id="oc-126">
         <name>.const:_initial_approx$1</name>
         <load_address>0x5da4</load_address>
         <run_address>0x5da4</run_address>
         <size>0x10</size>
         <input_file_ref idref="fl-3e"/>
      </object_component>
      <object_component id="oc-7a">
         <name>.const:.string</name>
         <load_address>0x5db4</load_address>
         <run_address>0x5db4</run_address>
         <size>0x4</size>
         <input_file_ref idref="fl-2c"/>
      </object_component>
      <object_component id="oc-dd">
         <name>.const</name>
         <load_address>0x5db8</load_address>
         <run_address>0x5db8</run_address>
         <size>0x4</size>
         <input_file_ref idref="fl-42"/>
      </object_component>
      <object_component id="oc-8b">
         <name>.sysmem</name>
         <uninitialized>true</uninitialized>
         <run_address>0x30c0</run_address>
         <size>0x0</size>
         <input_file_ref idref="fl-2f"/>
      </object_component>
      <object_component id="oc-13f">
         <name>.sysmem</name>
         <uninitialized>true</uninitialized>
         <run_address>0x30c0</run_address>
         <size>0x0</size>
      </object_component>
      <object_component id="oc-32">
         <name>.cinit</name>
         <load_address>0x40000</load_address>
         <run_address>0x40000</run_address>
         <size>0xea</size>
         <input_file_ref idref="fl-7"/>
      </object_component>
      <object_component id="oc-4c">
         <name>.cinit</name>
         <load_address>0x400ea</load_address>
         <run_address>0x400ea</run_address>
         <size>0x8c</size>
         <input_file_ref idref="fl-b"/>
      </object_component>
      <object_component id="oc-80">
         <name>.cinit</name>
         <load_address>0x40176</load_address>
         <run_address>0x40176</run_address>
         <size>0x5a</size>
         <input_file_ref idref="fl-2d"/>
      </object_component>
      <object_component id="oc-c9">
         <name>.cinit</name>
         <load_address>0x401d0</load_address>
         <run_address>0x401d0</run_address>
         <size>0x54</size>
         <input_file_ref idref="fl-3d"/>
      </object_component>
      <object_component id="oc-ac">
         <name>.cinit</name>
         <load_address>0x40224</load_address>
         <run_address>0x40224</run_address>
         <size>0x14</size>
         <input_file_ref idref="fl-36"/>
      </object_component>
      <object_component id="oc-62">
         <name>.cinit</name>
         <load_address>0x40238</load_address>
         <run_address>0x40238</run_address>
         <size>0x14</size>
         <input_file_ref idref="fl-27"/>
      </object_component>
      <object_component id="oc-2b">
         <name>.cinit</name>
         <load_address>0x4024c</load_address>
         <run_address>0x4024c</run_address>
         <size>0x10</size>
         <input_file_ref idref="fl-6"/>
      </object_component>
      <object_component id="oc-71">
         <name>.cinit</name>
         <load_address>0x4025c</load_address>
         <run_address>0x4025c</run_address>
         <size>0x8</size>
         <input_file_ref idref="fl-2a"/>
      </object_component>
      <object_component id="oc-8a">
         <name>.cinit</name>
         <load_address>0x40264</load_address>
         <run_address>0x40264</run_address>
         <size>0x8</size>
         <input_file_ref idref="fl-2f"/>
      </object_component>
      <object_component id="oc-1a">
         <name>.cinit</name>
         <load_address>0x4026c</load_address>
         <run_address>0x4026c</run_address>
         <size>0x8</size>
         <input_file_ref idref="fl-3"/>
      </object_component>
      <object_component id="oc-9d">
         <name>.cio</name>
         <uninitialized>true</uninitialized>
         <run_address>0x40278</run_address>
         <size>0x240</size>
         <input_file_ref idref="fl-33"/>
      </object_component>
      <object_component id="oc-11">
         <name>vectors</name>
         <load_address>0x4fe00</load_address>
         <run_address>0x4fe00</run_address>
         <size>0x100</size>
         <input_file_ref idref="fl-34"/>
      </object_component>
      <object_component id="oc-13">
         <name>.debug_info</name>
         <load_address>0x0</load_address>
         <run_address>0x0</run_address>
         <size>0x661</size>
         <input_file_ref idref="fl-2"/>
      </object_component>
      <object_component id="oc-19">
         <name>.debug_info</name>
         <load_address>0x661</load_address>
         <run_address>0x661</run_address>
         <size>0xb32</size>
         <input_file_ref idref="fl-3"/>
      </object_component>
      <object_component id="oc-1f">
         <name>.debug_info</name>
         <load_address>0x1193</load_address>
         <run_address>0x1193</run_address>
         <size>0x82d</size>
         <input_file_ref idref="fl-4"/>
      </object_component>
      <object_component id="oc-24">
         <name>.debug_info</name>
         <load_address>0x19c0</load_address>
         <run_address>0x19c0</run_address>
         <size>0x69f</size>
         <input_file_ref idref="fl-5"/>
      </object_component>
      <object_component id="oc-2a">
         <name>.debug_info</name>
         <load_address>0x205f</load_address>
         <run_address>0x205f</run_address>
         <size>0x749</size>
         <input_file_ref idref="fl-6"/>
      </object_component>
      <object_component id="oc-31">
         <name>.debug_info</name>
         <load_address>0x27a8</load_address>
         <run_address>0x27a8</run_address>
         <size>0xbec</size>
         <input_file_ref idref="fl-7"/>
      </object_component>
      <object_component id="oc-38">
         <name>.debug_info</name>
         <load_address>0x3394</load_address>
         <run_address>0x3394</run_address>
         <size>0xe90</size>
         <input_file_ref idref="fl-8"/>
      </object_component>
      <object_component id="oc-3f">
         <name>.debug_info</name>
         <load_address>0x4224</load_address>
         <run_address>0x4224</run_address>
         <size>0xcb1</size>
         <input_file_ref idref="fl-9"/>
      </object_component>
      <object_component id="oc-44">
         <name>.debug_info</name>
         <load_address>0x4ed5</load_address>
         <run_address>0x4ed5</run_address>
         <size>0x7b4</size>
         <input_file_ref idref="fl-a"/>
      </object_component>
      <object_component id="oc-4b">
         <name>.debug_info</name>
         <load_address>0x5689</load_address>
         <run_address>0x5689</run_address>
         <size>0x11ab</size>
         <input_file_ref idref="fl-b"/>
      </object_component>
      <object_component id="oc-53">
         <name>.debug_info</name>
         <load_address>0x6834</load_address>
         <run_address>0x6834</run_address>
         <size>0xe5</size>
         <input_file_ref idref="fl-11"/>
      </object_component>
      <object_component id="oc-57">
         <name>.debug_info</name>
         <load_address>0x6919</load_address>
         <run_address>0x6919</run_address>
         <size>0x5ff3</size>
         <input_file_ref idref="fl-12"/>
      </object_component>
      <object_component id="oc-5c">
         <name>.debug_info</name>
         <load_address>0xc90c</load_address>
         <run_address>0xc90c</run_address>
         <size>0xe8</size>
         <input_file_ref idref="fl-26"/>
      </object_component>
      <object_component id="oc-61">
         <name>.debug_info</name>
         <load_address>0xc9f4</load_address>
         <run_address>0xc9f4</run_address>
         <size>0x5fb</size>
         <input_file_ref idref="fl-27"/>
      </object_component>
      <object_component id="oc-67">
         <name>.debug_info</name>
         <load_address>0xcfef</load_address>
         <run_address>0xcfef</run_address>
         <size>0x64f</size>
         <input_file_ref idref="fl-28"/>
      </object_component>
      <object_component id="oc-6b">
         <name>.debug_info</name>
         <load_address>0xd63e</load_address>
         <run_address>0xd63e</run_address>
         <size>0x706</size>
         <input_file_ref idref="fl-29"/>
      </object_component>
      <object_component id="oc-70">
         <name>.debug_info</name>
         <load_address>0xdd44</load_address>
         <run_address>0xdd44</run_address>
         <size>0xa1c</size>
         <input_file_ref idref="fl-2a"/>
      </object_component>
      <object_component id="oc-75">
         <name>.debug_info</name>
         <load_address>0xe760</load_address>
         <run_address>0xe760</run_address>
         <size>0x6aa</size>
         <input_file_ref idref="fl-2b"/>
      </object_component>
      <object_component id="oc-79">
         <name>.debug_info</name>
         <load_address>0xee0a</load_address>
         <run_address>0xee0a</run_address>
         <size>0x942</size>
         <input_file_ref idref="fl-2c"/>
      </object_component>
      <object_component id="oc-7f">
         <name>.debug_info</name>
         <load_address>0xf74c</load_address>
         <run_address>0xf74c</run_address>
         <size>0x144b</size>
         <input_file_ref idref="fl-2d"/>
      </object_component>
      <object_component id="oc-84">
         <name>.debug_info</name>
         <load_address>0x10b97</load_address>
         <run_address>0x10b97</run_address>
         <size>0xd1</size>
         <input_file_ref idref="fl-2e"/>
      </object_component>
      <object_component id="oc-89">
         <name>.debug_info</name>
         <load_address>0x10c68</load_address>
         <run_address>0x10c68</run_address>
         <size>0xba5</size>
         <input_file_ref idref="fl-2f"/>
      </object_component>
      <object_component id="oc-8f">
         <name>.debug_info</name>
         <load_address>0x1180d</load_address>
         <run_address>0x1180d</run_address>
         <size>0x76c</size>
         <input_file_ref idref="fl-30"/>
      </object_component>
      <object_component id="oc-93">
         <name>.debug_info</name>
         <load_address>0x11f79</load_address>
         <run_address>0x11f79</run_address>
         <size>0x510</size>
         <input_file_ref idref="fl-31"/>
      </object_component>
      <object_component id="oc-98">
         <name>.debug_info</name>
         <load_address>0x12489</load_address>
         <run_address>0x12489</run_address>
         <size>0xed4</size>
         <input_file_ref idref="fl-32"/>
      </object_component>
      <object_component id="oc-9c">
         <name>.debug_info</name>
         <load_address>0x1335d</load_address>
         <run_address>0x1335d</run_address>
         <size>0x744</size>
         <input_file_ref idref="fl-33"/>
      </object_component>
      <object_component id="oc-a2">
         <name>.debug_info</name>
         <load_address>0x13aa1</load_address>
         <run_address>0x13aa1</run_address>
         <size>0xbc</size>
         <input_file_ref idref="fl-34"/>
      </object_component>
      <object_component id="oc-a6">
         <name>.debug_info</name>
         <load_address>0x13b5d</load_address>
         <run_address>0x13b5d</run_address>
         <size>0x662</size>
         <input_file_ref idref="fl-35"/>
      </object_component>
      <object_component id="oc-ab">
         <name>.debug_info</name>
         <load_address>0x141bf</load_address>
         <run_address>0x141bf</run_address>
         <size>0x5bc</size>
         <input_file_ref idref="fl-36"/>
      </object_component>
      <object_component id="oc-b0">
         <name>.debug_info</name>
         <load_address>0x1477b</load_address>
         <run_address>0x1477b</run_address>
         <size>0x27bd</size>
         <input_file_ref idref="fl-37"/>
      </object_component>
      <object_component id="oc-b6">
         <name>.debug_info</name>
         <load_address>0x16f38</load_address>
         <run_address>0x16f38</run_address>
         <size>0x586</size>
         <input_file_ref idref="fl-38"/>
      </object_component>
      <object_component id="oc-ba">
         <name>.debug_info</name>
         <load_address>0x174be</load_address>
         <run_address>0x174be</run_address>
         <size>0x5a4</size>
         <input_file_ref idref="fl-39"/>
      </object_component>
      <object_component id="oc-be">
         <name>.debug_info</name>
         <load_address>0x17a62</load_address>
         <run_address>0x17a62</run_address>
         <size>0xcd</size>
         <input_file_ref idref="fl-3a"/>
      </object_component>
      <object_component id="oc-c2">
         <name>.debug_info</name>
         <load_address>0x17b2f</load_address>
         <run_address>0x17b2f</run_address>
         <size>0x81f</size>
         <input_file_ref idref="fl-3b"/>
      </object_component>
      <object_component id="oc-c5">
         <name>.debug_info</name>
         <load_address>0x1834e</load_address>
         <run_address>0x1834e</run_address>
         <size>0x498</size>
         <input_file_ref idref="fl-3c"/>
      </object_component>
      <object_component id="oc-c8">
         <name>.debug_info</name>
         <load_address>0x187e6</load_address>
         <run_address>0x187e6</run_address>
         <size>0x57e</size>
         <input_file_ref idref="fl-3d"/>
      </object_component>
      <object_component id="oc-cc">
         <name>.debug_info</name>
         <load_address>0x18d64</load_address>
         <run_address>0x18d64</run_address>
         <size>0x7e8</size>
         <input_file_ref idref="fl-3e"/>
      </object_component>
      <object_component id="oc-d0">
         <name>.debug_info</name>
         <load_address>0x1954c</load_address>
         <run_address>0x1954c</run_address>
         <size>0x534</size>
         <input_file_ref idref="fl-3f"/>
      </object_component>
      <object_component id="oc-d4">
         <name>.debug_info</name>
         <load_address>0x19a80</load_address>
         <run_address>0x19a80</run_address>
         <size>0x4cf</size>
         <input_file_ref idref="fl-40"/>
      </object_component>
      <object_component id="oc-d8">
         <name>.debug_info</name>
         <load_address>0x19f4f</load_address>
         <run_address>0x19f4f</run_address>
         <size>0x534</size>
         <input_file_ref idref="fl-41"/>
      </object_component>
      <object_component id="oc-dc">
         <name>.debug_info</name>
         <load_address>0x1a483</load_address>
         <run_address>0x1a483</run_address>
         <size>0x549</size>
         <input_file_ref idref="fl-42"/>
      </object_component>
      <object_component id="oc-e1">
         <name>.debug_info</name>
         <load_address>0x1a9cc</load_address>
         <run_address>0x1a9cc</run_address>
         <size>0x53e</size>
         <input_file_ref idref="fl-43"/>
      </object_component>
      <object_component id="oc-e5">
         <name>.debug_info</name>
         <load_address>0x1af0a</load_address>
         <run_address>0x1af0a</run_address>
         <size>0x5f7</size>
         <input_file_ref idref="fl-44"/>
      </object_component>
      <object_component id="oc-e9">
         <name>.debug_info</name>
         <load_address>0x1b501</load_address>
         <run_address>0x1b501</run_address>
         <size>0x680</size>
         <input_file_ref idref="fl-45"/>
      </object_component>
      <object_component id="oc-ed">
         <name>.debug_info</name>
         <load_address>0x1bb81</load_address>
         <run_address>0x1bb81</run_address>
         <size>0x7d4</size>
         <input_file_ref idref="fl-46"/>
      </object_component>
      <object_component id="oc-f1">
         <name>.debug_info</name>
         <load_address>0x1c355</load_address>
         <run_address>0x1c355</run_address>
         <size>0xbd</size>
         <input_file_ref idref="fl-47"/>
      </object_component>
      <object_component id="oc-f5">
         <name>.debug_info</name>
         <load_address>0x1c412</load_address>
         <run_address>0x1c412</run_address>
         <size>0x5ad</size>
         <input_file_ref idref="fl-48"/>
      </object_component>
      <object_component id="oc-f9">
         <name>.debug_info</name>
         <load_address>0x1c9bf</load_address>
         <run_address>0x1c9bf</run_address>
         <size>0x574</size>
         <input_file_ref idref="fl-49"/>
      </object_component>
      <object_component id="oc-fd">
         <name>.debug_info</name>
         <load_address>0x1cf33</load_address>
         <run_address>0x1cf33</run_address>
         <size>0x55b</size>
         <input_file_ref idref="fl-4a"/>
      </object_component>
      <object_component id="oc-101">
         <name>.debug_info</name>
         <load_address>0x1d48e</load_address>
         <run_address>0x1d48e</run_address>
         <size>0x4b7</size>
         <input_file_ref idref="fl-4b"/>
      </object_component>
      <object_component id="oc-105">
         <name>.debug_info</name>
         <load_address>0x1d945</load_address>
         <run_address>0x1d945</run_address>
         <size>0x4f2</size>
         <input_file_ref idref="fl-4c"/>
      </object_component>
      <object_component id="oc-109">
         <name>.debug_info</name>
         <load_address>0x1de37</load_address>
         <run_address>0x1de37</run_address>
         <size>0x534</size>
         <input_file_ref idref="fl-4d"/>
      </object_component>
      <object_component id="oc-10d">
         <name>.debug_info</name>
         <load_address>0x1e36b</load_address>
         <run_address>0x1e36b</run_address>
         <size>0x64a</size>
         <input_file_ref idref="fl-4e"/>
      </object_component>
      <object_component id="oc-111">
         <name>.debug_info</name>
         <load_address>0x1e9b5</load_address>
         <run_address>0x1e9b5</run_address>
         <size>0x4de</size>
         <input_file_ref idref="fl-4f"/>
      </object_component>
      <object_component id="oc-115">
         <name>.debug_info</name>
         <load_address>0x1ee93</load_address>
         <run_address>0x1ee93</run_address>
         <size>0xef</size>
         <input_file_ref idref="fl-50"/>
      </object_component>
      <object_component id="oc-119">
         <name>.debug_info</name>
         <load_address>0x1ef82</load_address>
         <run_address>0x1ef82</run_address>
         <size>0x5ab</size>
         <input_file_ref idref="fl-51"/>
      </object_component>
      <object_component id="oc-11d">
         <name>.debug_info</name>
         <load_address>0x1f52d</load_address>
         <run_address>0x1f52d</run_address>
         <size>0x4f2</size>
         <input_file_ref idref="fl-52"/>
      </object_component>
      <object_component id="oc-121">
         <name>.debug_info</name>
         <load_address>0x1fa1f</load_address>
         <run_address>0x1fa1f</run_address>
         <size>0x4d2</size>
         <input_file_ref idref="fl-53"/>
      </object_component>
      <object_component id="oc-149">
         <name>.debug_info</name>
         <load_address>0x1fef1</load_address>
         <run_address>0x1fef1</run_address>
         <size>0x6e</size>
      </object_component>
      <object_component id="oc-14">
         <name>.debug_frame</name>
         <load_address>0x0</load_address>
         <run_address>0x0</run_address>
         <size>0x11c</size>
         <input_file_ref idref="fl-2"/>
      </object_component>
      <object_component id="oc-1b">
         <name>.debug_frame</name>
         <load_address>0x11c</load_address>
         <run_address>0x11c</run_address>
         <size>0x14a</size>
         <input_file_ref idref="fl-3"/>
      </object_component>
      <object_component id="oc-20">
         <name>.debug_frame</name>
         <load_address>0x266</load_address>
         <run_address>0x266</run_address>
         <size>0x135</size>
         <input_file_ref idref="fl-4"/>
      </object_component>
      <object_component id="oc-25">
         <name>.debug_frame</name>
         <load_address>0x39b</load_address>
         <run_address>0x39b</run_address>
         <size>0x116</size>
         <input_file_ref idref="fl-5"/>
      </object_component>
      <object_component id="oc-2c">
         <name>.debug_frame</name>
         <load_address>0x4b1</load_address>
         <run_address>0x4b1</run_address>
         <size>0x102</size>
         <input_file_ref idref="fl-6"/>
      </object_component>
      <object_component id="oc-34">
         <name>.debug_frame</name>
         <load_address>0x5b3</load_address>
         <run_address>0x5b3</run_address>
         <size>0x12b</size>
         <input_file_ref idref="fl-7"/>
      </object_component>
      <object_component id="oc-3a">
         <name>.debug_frame</name>
         <load_address>0x6de</load_address>
         <run_address>0x6de</run_address>
         <size>0x103</size>
         <input_file_ref idref="fl-8"/>
      </object_component>
      <object_component id="oc-40">
         <name>.debug_frame</name>
         <load_address>0x7e1</load_address>
         <run_address>0x7e1</run_address>
         <size>0x172</size>
         <input_file_ref idref="fl-9"/>
      </object_component>
      <object_component id="oc-46">
         <name>.debug_frame</name>
         <load_address>0x953</load_address>
         <run_address>0x953</run_address>
         <size>0xe5</size>
         <input_file_ref idref="fl-a"/>
      </object_component>
      <object_component id="oc-4e">
         <name>.debug_frame</name>
         <load_address>0xa38</load_address>
         <run_address>0xa38</run_address>
         <size>0x103</size>
         <input_file_ref idref="fl-b"/>
      </object_component>
      <object_component id="oc-58">
         <name>.debug_frame</name>
         <load_address>0xb3b</load_address>
         <run_address>0xb3b</run_address>
         <size>0x175</size>
         <input_file_ref idref="fl-12"/>
      </object_component>
      <object_component id="oc-15">
         <name>.debug_line</name>
         <load_address>0x0</load_address>
         <run_address>0x0</run_address>
         <size>0x8c</size>
         <input_file_ref idref="fl-2"/>
      </object_component>
      <object_component id="oc-1c">
         <name>.debug_line</name>
         <load_address>0x8c</load_address>
         <run_address>0x8c</run_address>
         <size>0x118</size>
         <input_file_ref idref="fl-3"/>
      </object_component>
      <object_component id="oc-21">
         <name>.debug_line</name>
         <load_address>0x1a4</load_address>
         <run_address>0x1a4</run_address>
         <size>0xdd</size>
         <input_file_ref idref="fl-4"/>
      </object_component>
      <object_component id="oc-26">
         <name>.debug_line</name>
         <load_address>0x281</load_address>
         <run_address>0x281</run_address>
         <size>0x83</size>
         <input_file_ref idref="fl-5"/>
      </object_component>
      <object_component id="oc-2d">
         <name>.debug_line</name>
         <load_address>0x304</load_address>
         <run_address>0x304</run_address>
         <size>0xa2</size>
         <input_file_ref idref="fl-6"/>
      </object_component>
      <object_component id="oc-35">
         <name>.debug_line</name>
         <load_address>0x3a6</load_address>
         <run_address>0x3a6</run_address>
         <size>0xd2</size>
         <input_file_ref idref="fl-7"/>
      </object_component>
      <object_component id="oc-3b">
         <name>.debug_line</name>
         <load_address>0x478</load_address>
         <run_address>0x478</run_address>
         <size>0x20e</size>
         <input_file_ref idref="fl-8"/>
      </object_component>
      <object_component id="oc-41">
         <name>.debug_line</name>
         <load_address>0x686</load_address>
         <run_address>0x686</run_address>
         <size>0xfe</size>
         <input_file_ref idref="fl-9"/>
      </object_component>
      <object_component id="oc-47">
         <name>.debug_line</name>
         <load_address>0x784</load_address>
         <run_address>0x784</run_address>
         <size>0x83</size>
         <input_file_ref idref="fl-a"/>
      </object_component>
      <object_component id="oc-4f">
         <name>.debug_line</name>
         <load_address>0x807</load_address>
         <run_address>0x807</run_address>
         <size>0x10e</size>
         <input_file_ref idref="fl-b"/>
      </object_component>
      <object_component id="oc-54">
         <name>.debug_line</name>
         <load_address>0x915</load_address>
         <run_address>0x915</run_address>
         <size>0x5e</size>
         <input_file_ref idref="fl-11"/>
      </object_component>
      <object_component id="oc-59">
         <name>.debug_line</name>
         <load_address>0x973</load_address>
         <run_address>0x973</run_address>
         <size>0x2dd</size>
         <input_file_ref idref="fl-12"/>
      </object_component>
      <object_component id="oc-5d">
         <name>.debug_line</name>
         <load_address>0xc50</load_address>
         <run_address>0xc50</run_address>
         <size>0x54</size>
         <input_file_ref idref="fl-26"/>
      </object_component>
      <object_component id="oc-64">
         <name>.debug_line</name>
         <load_address>0xca4</load_address>
         <run_address>0xca4</run_address>
         <size>0x51</size>
         <input_file_ref idref="fl-27"/>
      </object_component>
      <object_component id="oc-68">
         <name>.debug_line</name>
         <load_address>0xcf5</load_address>
         <run_address>0xcf5</run_address>
         <size>0x3d</size>
         <input_file_ref idref="fl-28"/>
      </object_component>
      <object_component id="oc-6c">
         <name>.debug_line</name>
         <load_address>0xd32</load_address>
         <run_address>0xd32</run_address>
         <size>0x5b</size>
         <input_file_ref idref="fl-29"/>
      </object_component>
      <object_component id="oc-72">
         <name>.debug_line</name>
         <load_address>0xd8d</load_address>
         <run_address>0xd8d</run_address>
         <size>0xd7</size>
         <input_file_ref idref="fl-2a"/>
      </object_component>
      <object_component id="oc-76">
         <name>.debug_line</name>
         <load_address>0xe64</load_address>
         <run_address>0xe64</run_address>
         <size>0x56</size>
         <input_file_ref idref="fl-2b"/>
      </object_component>
      <object_component id="oc-7b">
         <name>.debug_line</name>
         <load_address>0xeba</load_address>
         <run_address>0xeba</run_address>
         <size>0xa6</size>
         <input_file_ref idref="fl-2c"/>
      </object_component>
      <object_component id="oc-81">
         <name>.debug_line</name>
         <load_address>0xf60</load_address>
         <run_address>0xf60</run_address>
         <size>0x1b0</size>
         <input_file_ref idref="fl-2d"/>
      </object_component>
      <object_component id="oc-85">
         <name>.debug_line</name>
         <load_address>0x1110</load_address>
         <run_address>0x1110</run_address>
         <size>0x54</size>
         <input_file_ref idref="fl-2e"/>
      </object_component>
      <object_component id="oc-8c">
         <name>.debug_line</name>
         <load_address>0x1164</load_address>
         <run_address>0x1164</run_address>
         <size>0x112</size>
         <input_file_ref idref="fl-2f"/>
      </object_component>
      <object_component id="oc-90">
         <name>.debug_line</name>
         <load_address>0x1276</load_address>
         <run_address>0x1276</run_address>
         <size>0x69</size>
         <input_file_ref idref="fl-30"/>
      </object_component>
      <object_component id="oc-94">
         <name>.debug_line</name>
         <load_address>0x12df</load_address>
         <run_address>0x12df</run_address>
         <size>0x39</size>
         <input_file_ref idref="fl-31"/>
      </object_component>
      <object_component id="oc-99">
         <name>.debug_line</name>
         <load_address>0x1318</load_address>
         <run_address>0x1318</run_address>
         <size>0x15e</size>
         <input_file_ref idref="fl-32"/>
      </object_component>
      <object_component id="oc-9f">
         <name>.debug_line</name>
         <load_address>0x1476</load_address>
         <run_address>0x1476</run_address>
         <size>0x6a</size>
         <input_file_ref idref="fl-33"/>
      </object_component>
      <object_component id="oc-a3">
         <name>.debug_line</name>
         <load_address>0x14e0</load_address>
         <run_address>0x14e0</run_address>
         <size>0x37</size>
         <input_file_ref idref="fl-34"/>
      </object_component>
      <object_component id="oc-a7">
         <name>.debug_line</name>
         <load_address>0x1517</load_address>
         <run_address>0x1517</run_address>
         <size>0x57</size>
         <input_file_ref idref="fl-35"/>
      </object_component>
      <object_component id="oc-ad">
         <name>.debug_line</name>
         <load_address>0x156e</load_address>
         <run_address>0x156e</run_address>
         <size>0x57</size>
         <input_file_ref idref="fl-36"/>
      </object_component>
      <object_component id="oc-b3">
         <name>.debug_line</name>
         <load_address>0x15c5</load_address>
         <run_address>0x15c5</run_address>
         <size>0x328</size>
         <input_file_ref idref="fl-37"/>
      </object_component>
      <object_component id="oc-b7">
         <name>.debug_line</name>
         <load_address>0x18ed</load_address>
         <run_address>0x18ed</run_address>
         <size>0x41</size>
         <input_file_ref idref="fl-38"/>
      </object_component>
      <object_component id="oc-bb">
         <name>.debug_line</name>
         <load_address>0x192e</load_address>
         <run_address>0x192e</run_address>
         <size>0x46</size>
         <input_file_ref idref="fl-39"/>
      </object_component>
      <object_component id="oc-bf">
         <name>.debug_line</name>
         <load_address>0x1974</load_address>
         <run_address>0x1974</run_address>
         <size>0x55</size>
         <input_file_ref idref="fl-3a"/>
      </object_component>
      <object_component id="oc-c3">
         <name>.debug_line</name>
         <load_address>0x19c9</load_address>
         <run_address>0x19c9</run_address>
         <size>0xad</size>
         <input_file_ref idref="fl-3b"/>
      </object_component>
      <object_component id="oc-cd">
         <name>.debug_line</name>
         <load_address>0x1a76</load_address>
         <run_address>0x1a76</run_address>
         <size>0x5b</size>
         <input_file_ref idref="fl-3e"/>
      </object_component>
      <object_component id="oc-d1">
         <name>.debug_line</name>
         <load_address>0x1ad1</load_address>
         <run_address>0x1ad1</run_address>
         <size>0x44</size>
         <input_file_ref idref="fl-3f"/>
      </object_component>
      <object_component id="oc-d5">
         <name>.debug_line</name>
         <load_address>0x1b15</load_address>
         <run_address>0x1b15</run_address>
         <size>0x3d</size>
         <input_file_ref idref="fl-40"/>
      </object_component>
      <object_component id="oc-d9">
         <name>.debug_line</name>
         <load_address>0x1b52</load_address>
         <run_address>0x1b52</run_address>
         <size>0x3d</size>
         <input_file_ref idref="fl-41"/>
      </object_component>
      <object_component id="oc-de">
         <name>.debug_line</name>
         <load_address>0x1b8f</load_address>
         <run_address>0x1b8f</run_address>
         <size>0x44</size>
         <input_file_ref idref="fl-42"/>
      </object_component>
      <object_component id="oc-e2">
         <name>.debug_line</name>
         <load_address>0x1bd3</load_address>
         <run_address>0x1bd3</run_address>
         <size>0x40</size>
         <input_file_ref idref="fl-43"/>
      </object_component>
      <object_component id="oc-e6">
         <name>.debug_line</name>
         <load_address>0x1c13</load_address>
         <run_address>0x1c13</run_address>
         <size>0x3c</size>
         <input_file_ref idref="fl-44"/>
      </object_component>
      <object_component id="oc-ea">
         <name>.debug_line</name>
         <load_address>0x1c4f</load_address>
         <run_address>0x1c4f</run_address>
         <size>0x38</size>
         <input_file_ref idref="fl-45"/>
      </object_component>
      <object_component id="oc-ee">
         <name>.debug_line</name>
         <load_address>0x1c87</load_address>
         <run_address>0x1c87</run_address>
         <size>0xa8</size>
         <input_file_ref idref="fl-46"/>
      </object_component>
      <object_component id="oc-f2">
         <name>.debug_line</name>
         <load_address>0x1d2f</load_address>
         <run_address>0x1d2f</run_address>
         <size>0x3c</size>
         <input_file_ref idref="fl-47"/>
      </object_component>
      <object_component id="oc-f6">
         <name>.debug_line</name>
         <load_address>0x1d6b</load_address>
         <run_address>0x1d6b</run_address>
         <size>0x40</size>
         <input_file_ref idref="fl-48"/>
      </object_component>
      <object_component id="oc-fa">
         <name>.debug_line</name>
         <load_address>0x1dab</load_address>
         <run_address>0x1dab</run_address>
         <size>0x3a</size>
         <input_file_ref idref="fl-49"/>
      </object_component>
      <object_component id="oc-fe">
         <name>.debug_line</name>
         <load_address>0x1de5</load_address>
         <run_address>0x1de5</run_address>
         <size>0x3c</size>
         <input_file_ref idref="fl-4a"/>
      </object_component>
      <object_component id="oc-102">
         <name>.debug_line</name>
         <load_address>0x1e21</load_address>
         <run_address>0x1e21</run_address>
         <size>0x37</size>
         <input_file_ref idref="fl-4b"/>
      </object_component>
      <object_component id="oc-106">
         <name>.debug_line</name>
         <load_address>0x1e58</load_address>
         <run_address>0x1e58</run_address>
         <size>0x3c</size>
         <input_file_ref idref="fl-4c"/>
      </object_component>
      <object_component id="oc-10a">
         <name>.debug_line</name>
         <load_address>0x1e94</load_address>
         <run_address>0x1e94</run_address>
         <size>0x44</size>
         <input_file_ref idref="fl-4d"/>
      </object_component>
      <object_component id="oc-10e">
         <name>.debug_line</name>
         <load_address>0x1ed8</load_address>
         <run_address>0x1ed8</run_address>
         <size>0x40</size>
         <input_file_ref idref="fl-4e"/>
      </object_component>
      <object_component id="oc-112">
         <name>.debug_line</name>
         <load_address>0x1f18</load_address>
         <run_address>0x1f18</run_address>
         <size>0x37</size>
         <input_file_ref idref="fl-4f"/>
      </object_component>
      <object_component id="oc-116">
         <name>.debug_line</name>
         <load_address>0x1f4f</load_address>
         <run_address>0x1f4f</run_address>
         <size>0x58</size>
         <input_file_ref idref="fl-50"/>
      </object_component>
      <object_component id="oc-11a">
         <name>.debug_line</name>
         <load_address>0x1fa7</load_address>
         <run_address>0x1fa7</run_address>
         <size>0x5c</size>
         <input_file_ref idref="fl-51"/>
      </object_component>
      <object_component id="oc-11e">
         <name>.debug_line</name>
         <load_address>0x2003</load_address>
         <run_address>0x2003</run_address>
         <size>0x3c</size>
         <input_file_ref idref="fl-52"/>
      </object_component>
      <object_component id="oc-122">
         <name>.debug_line</name>
         <load_address>0x203f</load_address>
         <run_address>0x203f</run_address>
         <size>0x3a</size>
         <input_file_ref idref="fl-53"/>
      </object_component>
      <object_component id="oc-16">
         <name>.debug_abbrev</name>
         <load_address>0x0</load_address>
         <run_address>0x0</run_address>
         <size>0x95</size>
         <input_file_ref idref="fl-2"/>
      </object_component>
      <object_component id="oc-1d">
         <name>.debug_abbrev</name>
         <load_address>0x95</load_address>
         <run_address>0x95</run_address>
         <size>0xd0</size>
         <input_file_ref idref="fl-3"/>
      </object_component>
      <object_component id="oc-22">
         <name>.debug_abbrev</name>
         <load_address>0x165</load_address>
         <run_address>0x165</run_address>
         <size>0x87</size>
         <input_file_ref idref="fl-4"/>
      </object_component>
      <object_component id="oc-27">
         <name>.debug_abbrev</name>
         <load_address>0x1ec</load_address>
         <run_address>0x1ec</run_address>
         <size>0xe7</size>
         <input_file_ref idref="fl-5"/>
      </object_component>
      <object_component id="oc-2e">
         <name>.debug_abbrev</name>
         <load_address>0x2d3</load_address>
         <run_address>0x2d3</run_address>
         <size>0xc0</size>
         <input_file_ref idref="fl-6"/>
      </object_component>
      <object_component id="oc-36">
         <name>.debug_abbrev</name>
         <load_address>0x393</load_address>
         <run_address>0x393</run_address>
         <size>0x165</size>
         <input_file_ref idref="fl-7"/>
      </object_component>
      <object_component id="oc-3c">
         <name>.debug_abbrev</name>
         <load_address>0x4f8</load_address>
         <run_address>0x4f8</run_address>
         <size>0xfd</size>
         <input_file_ref idref="fl-8"/>
      </object_component>
      <object_component id="oc-42">
         <name>.debug_abbrev</name>
         <load_address>0x5f5</load_address>
         <run_address>0x5f5</run_address>
         <size>0x147</size>
         <input_file_ref idref="fl-9"/>
      </object_component>
      <object_component id="oc-48">
         <name>.debug_abbrev</name>
         <load_address>0x73c</load_address>
         <run_address>0x73c</run_address>
         <size>0x109</size>
         <input_file_ref idref="fl-a"/>
      </object_component>
      <object_component id="oc-50">
         <name>.debug_abbrev</name>
         <load_address>0x845</load_address>
         <run_address>0x845</run_address>
         <size>0x14c</size>
         <input_file_ref idref="fl-b"/>
      </object_component>
      <object_component id="oc-55">
         <name>.debug_abbrev</name>
         <load_address>0x991</load_address>
         <run_address>0x991</run_address>
         <size>0x2c</size>
         <input_file_ref idref="fl-11"/>
      </object_component>
      <object_component id="oc-5a">
         <name>.debug_abbrev</name>
         <load_address>0x9bd</load_address>
         <run_address>0x9bd</run_address>
         <size>0x23e</size>
         <input_file_ref idref="fl-12"/>
      </object_component>
      <object_component id="oc-5e">
         <name>.debug_abbrev</name>
         <load_address>0xbfb</load_address>
         <run_address>0xbfb</run_address>
         <size>0x3a</size>
         <input_file_ref idref="fl-26"/>
      </object_component>
      <object_component id="oc-65">
         <name>.debug_abbrev</name>
         <load_address>0xc35</load_address>
         <run_address>0xc35</run_address>
         <size>0xf7</size>
         <input_file_ref idref="fl-27"/>
      </object_component>
      <object_component id="oc-69">
         <name>.debug_abbrev</name>
         <load_address>0xd2c</load_address>
         <run_address>0xd2c</run_address>
         <size>0x118</size>
         <input_file_ref idref="fl-28"/>
      </object_component>
      <object_component id="oc-6d">
         <name>.debug_abbrev</name>
         <load_address>0xe44</load_address>
         <run_address>0xe44</run_address>
         <size>0x136</size>
         <input_file_ref idref="fl-29"/>
      </object_component>
      <object_component id="oc-73">
         <name>.debug_abbrev</name>
         <load_address>0xf7a</load_address>
         <run_address>0xf7a</run_address>
         <size>0x1a2</size>
         <input_file_ref idref="fl-2a"/>
      </object_component>
      <object_component id="oc-77">
         <name>.debug_abbrev</name>
         <load_address>0x111c</load_address>
         <run_address>0x111c</run_address>
         <size>0x103</size>
         <input_file_ref idref="fl-2b"/>
      </object_component>
      <object_component id="oc-7c">
         <name>.debug_abbrev</name>
         <load_address>0x121f</load_address>
         <run_address>0x121f</run_address>
         <size>0x140</size>
         <input_file_ref idref="fl-2c"/>
      </object_component>
      <object_component id="oc-82">
         <name>.debug_abbrev</name>
         <load_address>0x135f</load_address>
         <run_address>0x135f</run_address>
         <size>0x225</size>
         <input_file_ref idref="fl-2d"/>
      </object_component>
      <object_component id="oc-86">
         <name>.debug_abbrev</name>
         <load_address>0x1584</load_address>
         <run_address>0x1584</run_address>
         <size>0x38</size>
         <input_file_ref idref="fl-2e"/>
      </object_component>
      <object_component id="oc-8d">
         <name>.debug_abbrev</name>
         <load_address>0x15bc</load_address>
         <run_address>0x15bc</run_address>
         <size>0x1de</size>
         <input_file_ref idref="fl-2f"/>
      </object_component>
      <object_component id="oc-91">
         <name>.debug_abbrev</name>
         <load_address>0x179a</load_address>
         <run_address>0x179a</run_address>
         <size>0x145</size>
         <input_file_ref idref="fl-30"/>
      </object_component>
      <object_component id="oc-95">
         <name>.debug_abbrev</name>
         <load_address>0x18df</load_address>
         <run_address>0x18df</run_address>
         <size>0xbf</size>
         <input_file_ref idref="fl-31"/>
      </object_component>
      <object_component id="oc-9a">
         <name>.debug_abbrev</name>
         <load_address>0x199e</load_address>
         <run_address>0x199e</run_address>
         <size>0x15a</size>
         <input_file_ref idref="fl-32"/>
      </object_component>
      <object_component id="oc-a0">
         <name>.debug_abbrev</name>
         <load_address>0x1af8</load_address>
         <run_address>0x1af8</run_address>
         <size>0xde</size>
         <input_file_ref idref="fl-33"/>
      </object_component>
      <object_component id="oc-a4">
         <name>.debug_abbrev</name>
         <load_address>0x1bd6</load_address>
         <run_address>0x1bd6</run_address>
         <size>0x26</size>
         <input_file_ref idref="fl-34"/>
      </object_component>
      <object_component id="oc-a8">
         <name>.debug_abbrev</name>
         <load_address>0x1bfc</load_address>
         <run_address>0x1bfc</run_address>
         <size>0xd1</size>
         <input_file_ref idref="fl-35"/>
      </object_component>
      <object_component id="oc-ae">
         <name>.debug_abbrev</name>
         <load_address>0x1ccd</load_address>
         <run_address>0x1ccd</run_address>
         <size>0x9f</size>
         <input_file_ref idref="fl-36"/>
      </object_component>
      <object_component id="oc-b4">
         <name>.debug_abbrev</name>
         <load_address>0x1d6c</load_address>
         <run_address>0x1d6c</run_address>
         <size>0x1f8</size>
         <input_file_ref idref="fl-37"/>
      </object_component>
      <object_component id="oc-b8">
         <name>.debug_abbrev</name>
         <load_address>0x1f64</load_address>
         <run_address>0x1f64</run_address>
         <size>0xec</size>
         <input_file_ref idref="fl-38"/>
      </object_component>
      <object_component id="oc-bc">
         <name>.debug_abbrev</name>
         <load_address>0x2050</load_address>
         <run_address>0x2050</run_address>
         <size>0xd5</size>
         <input_file_ref idref="fl-39"/>
      </object_component>
      <object_component id="oc-c0">
         <name>.debug_abbrev</name>
         <load_address>0x2125</load_address>
         <run_address>0x2125</run_address>
         <size>0x44</size>
         <input_file_ref idref="fl-3a"/>
      </object_component>
      <object_component id="oc-c4">
         <name>.debug_abbrev</name>
         <load_address>0x2169</load_address>
         <run_address>0x2169</run_address>
         <size>0xb7</size>
         <input_file_ref idref="fl-3b"/>
      </object_component>
      <object_component id="oc-c6">
         <name>.debug_abbrev</name>
         <load_address>0x2220</load_address>
         <run_address>0x2220</run_address>
         <size>0x68</size>
         <input_file_ref idref="fl-3c"/>
      </object_component>
      <object_component id="oc-ca">
         <name>.debug_abbrev</name>
         <load_address>0x2288</load_address>
         <run_address>0x2288</run_address>
         <size>0x83</size>
         <input_file_ref idref="fl-3d"/>
      </object_component>
      <object_component id="oc-ce">
         <name>.debug_abbrev</name>
         <load_address>0x230b</load_address>
         <run_address>0x230b</run_address>
[...]
      </symbol>
      <symbol id="sm-180">
         <name>_pllCfg_98MHz</name>
         <value>0x639c</value>
         <object_component_ref idref="oc-4a"/>
      </symbol>
      <symbol id="sm-181">
         <name>_pllCfg_100MHz</name>
         <value>0x63a4</value>
         <object_component_ref idref="oc-4a"/>
      </symbol>
      <symbol id="sm-182">
         <name>_pllCfg_40MHz</name>
         <value>0x6384</value>
         <object_component_ref idref="oc-4a"/>
      </symbol>
      <symbol id="sm-183">
         <name>_pllCfg_2MHz</name>
         <value>0x636c</value>
         <object_component_ref idref="oc-4a"/>
      </symbol>
      <symbol id="sm-184">
         <name>_pllCfg1</name>
         <value>0x6358</value>
         <object_component_ref idref="oc-4a"/>
      </symbol>
      <symbol id="sm-185">
         <name>_pll_frequency_setup</name>
         <value>0x22e1a</value>
         <object_component_ref idref="oc-49"/>
      </symbol>
      <symbol id="sm-186">
         <name>_pllCfg_120MHz</name>
         <value>0x63ac</value>
         <object_component_ref idref="oc-4a"/>
      </symbol>
      <symbol id="sm-187">
         <name>_pllCfg_12MHz</name>
         <value>0x6374</value>
         <object_component_ref idref="oc-4a"/>
      </symbol>
      <symbol id="sm-188">
         <name>_pllCfg_1MHz</name>
         <value>0x6364</value>
         <object_component_ref idref="oc-4a"/>
      </symbol>
      <symbol id="sm-189">
         <name>_pllCfg_60MHz</name>
         <value>0x638c</value>
         <object_component_ref idref="oc-4a"/>
      </symbol>
      <symbol id="sm-18a">
         <name>_pllCfg_12p288MHz</name>
         <value>0x637c</value>
         <object_component_ref idref="oc-4a"/>
      </symbol>
      <symbol id="sm-19b">
         <name>_sine</name>
         <value>0x24bac</value>
         <object_component_ref idref="oc-51"/>
      </symbol>
      <symbol id="sm-1c0">
         <name>_PLL_reset</name>
         <value>0x23320</value>
         <object_component_ref idref="oc-56"/>
      </symbol>
      <symbol id="sm-1c1">
         <name>_PLL_bypass</name>
         <value>0x232d1</value>
         <object_component_ref idref="oc-56"/>
      </symbol>
      <symbol id="sm-1c2">
         <name>_PLL_enable</name>
         <value>0x2326a</value>
         <object_component_ref idref="oc-56"/>
      </symbol>
      <symbol id="sm-1c3">
         <name>_PLL_config</name>
         <value>0x23141</value>
         <object_component_ref idref="oc-56"/>
      </symbol>
      <symbol id="sm-1c4">
         <name>_PLL_init</name>
         <value>0x23109</value>
         <object_component_ref idref="oc-56"/>
      </symbol>
      <symbol id="sm-1d0">
         <name>__sysstack</name>
         <value>0x20c0</value>
         <object_component_ref idref="oc-124"/>
      </symbol>
      <symbol id="sm-1d1">
         <name>_c_int00</name>
         <value>0x25252</value>
         <object_component_ref idref="oc-10"/>
      </symbol>
      <symbol id="sm-1d2">
         <name>__stack</name>
         <value>0xc0</value>
         <object_component_ref idref="oc-5b"/>
      </symbol>
      <symbol id="sm-1e2">
         <name>C$$EXIT</name>
         <value>0x25397</value>
         <object_component_ref idref="oc-63"/>
      </symbol>
      <symbol id="sm-1e3">
         <name>_exit</name>
         <value>0x25214</value>
         <object_component_ref idref="oc-5f"/>
      </symbol>
      <symbol id="sm-1e4">
         <name>_abort</name>
         <value>0x25396</value>
         <object_component_ref idref="oc-63"/>
      </symbol>
      <symbol id="sm-1e5">
         <name>__cleanup_ptr</name>
         <value>0x63d0</value>
         <object_component_ref idref="oc-60"/>
      </symbol>
      <symbol id="sm-1e6">
         <name>__dtors_ptr</name>
         <value>0x63d4</value>
         <object_component_ref idref="oc-60"/>
      </symbol>
      <symbol id="sm-1f0">
         <name>_fclose</name>
         <value>0x24c23</value>
         <object_component_ref idref="oc-66"/>
      </symbol>
      <symbol id="sm-1fa">
         <name>__doflush</name>
         <value>0x24937</value>
         <object_component_ref idref="oc-6a"/>
      </symbol>
      <symbol id="sm-1fb">
         <name>_fflush</name>
         <value>0x24999</value>
         <object_component_ref idref="oc-6a"/>
      </symbol>
      <symbol id="sm-20a">
         <name>__cleanup</name>
         <value>0x234a1</value>
         <object_component_ref idref="oc-6e"/>
      </symbol>
      <symbol id="sm-20b">
         <name>_fopen</name>
         <value>0x235bf</value>
         <object_component_ref idref="oc-6e"/>
      </symbol>
      <symbol id="sm-20c">
         <name>_freopen</name>
         <value>0x234f9</value>
         <object_component_ref idref="oc-6e"/>
      </symbol>
      <symbol id="sm-216">
         <name>_putchar</name>
         <value>0x24a84</value>
         <object_component_ref idref="oc-74"/>
      </symbol>
      <symbol id="sm-217">
         <name>_putc</name>
         <value>0x249f1</value>
         <object_component_ref idref="oc-74"/>
      </symbol>
      <symbol id="sm-218">
         <name>_fputc</name>
         <value>0x249f1</value>
         <object_component_ref idref="oc-74"/>
      </symbol>
      <symbol id="sm-224">
         <name>_puts</name>
         <value>0x23f78</value>
         <object_component_ref idref="oc-78"/>
      </symbol>
      <symbol id="sm-225">
         <name>_fputs</name>
         <value>0x23e29</value>
         <object_component_ref idref="oc-78"/>
      </symbol>
      <symbol id="sm-236">
         <name>_add_device</name>
         <value>0x228f0</value>
         <object_component_ref idref="oc-7d"/>
      </symbol>
      <symbol id="sm-237">
         <name>_rename</name>
         <value>0x22621</value>
         <object_component_ref idref="oc-7d"/>
      </symbol>
      <symbol id="sm-238">
         <name>_read</name>
         <value>0x226ac</value>
         <object_component_ref idref="oc-7d"/>
      </symbol>
      <symbol id="sm-239">
         <name>_unlink</name>
         <value>0x225ed</value>
         <object_component_ref idref="oc-7d"/>
      </symbol>
      <symbol id="sm-23a">
         <name>_remove_device</name>
         <value>0x22678</value>
         <object_component_ref idref="oc-7d"/>
      </symbol>
      <symbol id="sm-23b">
         <name>_open</name>
         <value>0x22756</value>
         <object_component_ref idref="oc-7d"/>
      </symbol>
      <symbol id="sm-23c">
         <name>_find_registered_device</name>
         <value>0x22877</value>
         <object_component_ref idref="oc-7d"/>
      </symbol>
      <symbol id="sm-23d">
         <name>_lseek</name>
         <value>0x22813</value>
         <object_component_ref idref="oc-7d"/>
      </symbol>
      <symbol id="sm-23e">
         <name>_close</name>
         <value>0x22880</value>
         <object_component_ref idref="oc-7d"/>
      </symbol>
      <symbol id="sm-23f">
         <name>_write</name>
         <value>0x224c0</value>
         <object_component_ref idref="oc-7d"/>
      </symbol>
      <symbol id="sm-249">
         <name>_memcpy</name>
         <value>0x24ff3</value>
         <object_component_ref idref="oc-83"/>
      </symbol>
      <symbol id="sm-259">
         <name>__sys_memory</name>
         <value>0x30c0</value>
         <object_component_ref idref="oc-8b"/>
      </symbol>
      <symbol id="sm-25a">
         <name>_chkheap</name>
         <value>0x21f4a</value>
         <object_component_ref idref="oc-87"/>
      </symbol>
      <symbol id="sm-25b">
         <name>_realloc</name>
         <value>0x21cb0</value>
         <object_component_ref idref="oc-87"/>
      </symbol>
      <symbol id="sm-25c">
         <name>_free_memory</name>
         <value>0x21ee3</value>
         <object_component_ref idref="oc-87"/>
      </symbol>
      <symbol id="sm-25d">
         <name>_max_free</name>
         <value>0x21e79</value>
         <object_component_ref idref="oc-87"/>
      </symbol>
      <symbol id="sm-25e">
         <name>_free</name>
         <value>0x21a6b</value>
         <object_component_ref idref="oc-87"/>
      </symbol>
      <symbol id="sm-25f">
         <name>_calloc</name>
         <value>0x21f52</value>
         <object_component_ref idref="oc-87"/>
      </symbol>
      <symbol id="sm-260">
         <name>_malloc</name>
         <value>0x21baf</value>
         <object_component_ref idref="oc-87"/>
      </symbol>
      <symbol id="sm-261">
         <name>_minit</name>
         <value>0x21b3d</value>
         <object_component_ref idref="oc-87"/>
      </symbol>
      <symbol id="sm-26b">
         <name>_printf</name>
         <value>0x2509d</value>
         <object_component_ref idref="oc-8e"/>
      </symbol>
      <symbol id="sm-275">
         <name>_remove</name>
         <value>0x2538c</value>
         <object_component_ref idref="oc-92"/>
      </symbol>
      <symbol id="sm-281">
         <name>_HOSTopen</name>
         <value>0x2184c</value>
         <object_component_ref idref="oc-96"/>
      </symbol>
      <symbol id="sm-282">
         <name>_HOSTread</name>
         <value>0x217c1</value>
         <object_component_ref idref="oc-96"/>
      </symbol>
      <symbol id="sm-283">
         <name>_HOSTtime</name>
         <value>0x216aa</value>
         <object_component_ref idref="oc-96"/>
      </symbol>
      <symbol id="sm-284">
         <name>_getenv</name>
         <value>0x21533</value>
         <object_component_ref idref="oc-96"/>
      </symbol>
      <symbol id="sm-285">
         <name>_HOSTrename</name>
         <value>0x21708</value>
         <object_component_ref idref="oc-96"/>
      </symbol>
      <symbol id="sm-286">
         <name>_HOSTclock</name>
         <value>0x21a0d</value>
         <object_component_ref idref="oc-96"/>
      </symbol>
      <symbol id="sm-287">
         <name>_HOSTwrite</name>
         <value>0x215b3</value>
         <object_component_ref idref="oc-96"/>
      </symbol>
      <symbol id="sm-288">
         <name>_HOSTlseek</name>
         <value>0x218ed</value>
         <object_component_ref idref="oc-96"/>
      </symbol>
      <symbol id="sm-289">
         <name>_HOSTunlink</name>
         <value>0x2163e</value>
         <object_component_ref idref="oc-96"/>
      </symbol>
      <symbol id="sm-28a">
         <name>_HOSTclose</name>
         <value>0x219a2</value>
         <object_component_ref idref="oc-96"/>
      </symbol>
      <symbol id="sm-29c">
         <name>C$$IO$$</name>
         <value>0x24932</value>
         <object_component_ref idref="oc-9e"/>
      </symbol>
      <symbol id="sm-29d">
         <name>__CIOBUF_</name>
         <value>0x40278</value>
         <object_component_ref idref="oc-9d"/>
      </symbol>
      <symbol id="sm-29e">
         <name>_readmsg</name>
         <value>0x24e60</value>
         <object_component_ref idref="oc-9b"/>
      </symbol>
      <symbol id="sm-29f">
         <name>_writemsg</name>
         <value>0x24879</value>
         <object_component_ref idref="oc-9e"/>
      </symbol>
      <symbol id="sm-2a9">
         <name>_Reset</name>
         <value>0x4fe00</value>
         <object_component_ref idref="oc-11"/>
      </symbol>
      <symbol id="sm-2b3">
         <name>__rd_ok</name>
         <value>0x2481c</value>
         <object_component_ref idref="oc-a5"/>
      </symbol>
      <symbol id="sm-2b4">
         <name>__wrt_ok</name>
         <value>0x2479f</value>
         <object_component_ref idref="oc-a5"/>
      </symbol>
      <symbol id="sm-2c2">
         <name>__unlock</name>
         <value>0x63cc</value>
         <object_component_ref idref="oc-aa"/>
      </symbol>
      <symbol id="sm-2c3">
         <name>__lock</name>
         <value>0x63c8</value>
         <object_component_ref idref="oc-aa"/>
      </symbol>
      <symbol id="sm-2c4">
         <name>__register_lock</name>
         <value>0x25372</value>
         <object_component_ref idref="oc-a9"/>
      </symbol>
      <symbol id="sm-2c5">
         <name>__nop</name>
         <value>0x2537a</value>
         <object_component_ref idref="oc-a9"/>
      </symbol>
      <symbol id="sm-2c6">
         <name>__register_unlock</name>
         <value>0x2536a</value>
         <object_component_ref idref="oc-a9"/>
      </symbol>
      <symbol id="sm-2d8">
         <name>__printfi</name>
         <value>0x21315</value>
         <object_component_ref idref="oc-af"/>
      </symbol>
      <symbol id="sm-2e2">
         <name>__args_main</name>
         <value>0x25183</value>
         <object_component_ref idref="oc-b5"/>
      </symbol>
      <symbol id="sm-2e3">
         <name>__TI_args_main</name>
         <value>0x1</value>
      </symbol>
      <symbol id="sm-2ed">
         <name>_atoi</name>
         <value>0x24f9a</value>
         <object_component_ref idref="oc-b9"/>
      </symbol>
      <symbol id="sm-2f5">
         <name>_auto_init</name>
         <value>0x250eb</value>
         <object_component_ref idref="oc-bd"/>
      </symbol>
      <symbol id="sm-2ff">
         <name>__eqld</name>
         <value>0x23c09</value>
         <object_component_ref idref="oc-c1"/>
      </symbol>
      <symbol id="sm-300">
         <name>__cmpd</name>
         <value>0x23c3d</value>
         <object_component_ref idref="oc-c1"/>
      </symbol>
      <symbol id="sm-301">
         <name>__neqd</name>
         <value>0x23aab</value>
         <object_component_ref idref="oc-c1"/>
      </symbol>
      <symbol id="sm-302">
         <name>__gtrd</name>
         <value>0x23b74</value>
         <object_component_ref idref="oc-c1"/>
      </symbol>
      <symbol id="sm-303">
         <name>__geqd</name>
         <value>0x23bbf</value>
         <object_component_ref idref="oc-c1"/>
      </symbol>
      <symbol id="sm-304">
         <name>__leqd</name>
         <value>0x23b27</value>
         <object_component_ref idref="oc-c1"/>
      </symbol>
      <symbol id="sm-305">
         <name>__lssd</name>
         <value>0x23adf</value>
         <object_component_ref idref="oc-c1"/>
      </symbol>
      <symbol id="sm-30d">
         <name>__ctypes_</name>
         <value>0x5b00</value>
         <object_component_ref idref="oc-125"/>
      </symbol>
      <symbol id="sm-317">
         <name>__tmpnams</name>
         <value>0x5eac</value>
         <object_component_ref idref="oc-c7"/>
      </symbol>
      <symbol id="sm-318">
         <name>__ft_end</name>
         <value>0x5fec</value>
         <object_component_ref idref="oc-c7"/>
      </symbol>
      <symbol id="sm-319">
         <name>__ftable</name>
         <value>0x5dbc</value>
         <object_component_ref idref="oc-c7"/>
      </symbol>
      <symbol id="sm-325">
         <name>__divd</name>
         <value>0x229d8</value>
         <object_component_ref idref="oc-cb"/>
      </symbol>
      <symbol id="sm-330">
         <name>__divul</name>
         <value>0x24a93</value>
         <object_component_ref idref="oc-cf"/>
      </symbol>
      <symbol id="sm-33a">
         <name>__fixdi</name>
         <value>0x252b3</value>
         <object_component_ref idref="oc-d3"/>
      </symbol>
      <symbol id="sm-344">
         <name>__fixdli</name>
         <value>0x24df2</value>
         <object_component_ref idref="oc-d7"/>
      </symbol>
      <symbol id="sm-350">
         <name>__fltlid</name>
         <value>0x24f33</value>
         <object_component_ref idref="oc-db"/>
      </symbol>
      <symbol id="sm-35a">
         <name>__frcmpyd_div</name>
         <value>0x24d0f</value>
         <object_component_ref idref="oc-e0"/>
      </symbol>
      <symbol id="sm-364">
         <name>_fseek</name>
         <value>0x24ecb</value>
         <object_component_ref idref="oc-e4"/>
      </symbol>
      <symbol id="sm-36e">
         <name>___isinf</name>
         <value>0x25329</value>
         <object_component_ref idref="oc-e8"/>
      </symbol>
      <symbol id="sm-378">
         <name>__divull</name>
         <value>0x2372c</value>
         <object_component_ref idref="oc-ec"/>
      </symbol>
      <symbol id="sm-379">
         <name>__mpylli</name>
         <value>0x23675</value>
         <object_component_ref idref="oc-ec"/>
      </symbol>
      <symbol id="sm-37a">
         <name>__remlli</name>
         <value>0x23646</value>
         <object_component_ref idref="oc-ec"/>
      </symbol>
      <symbol id="sm-37b">
         <name>__divlli</name>
         <value>0x23820</value>
         <object_component_ref idref="oc-ec"/>
      </symbol>
      <symbol id="sm-37c">
         <name>__remull</name>
         <value>0x235f8</value>
         <object_component_ref idref="oc-ec"/>
      </symbol>
      <symbol id="sm-384">
         <name>__mpyli</name>
         <value>0x25357</value>
         <object_component_ref idref="oc-f0"/>
      </symbol>
      <symbol id="sm-385">
         <name>I$$LMPY</name>
         <value>0x25357</value>
         <object_component_ref idref="oc-f0"/>
      </symbol>
      <symbol id="sm-38f">
         <name>_ltoa</name>
         <value>0x24b33</value>
         <object_component_ref idref="oc-f4"/>
      </symbol>
      <symbol id="sm-39a">
         <name>_memccpy</name>
         <value>0x25307</value>
         <object_component_ref idref="oc-f8"/>
      </symbol>
      <symbol id="sm-3a4">
         <name>__mpyd</name>
         <value>0x24108</value>
         <object_component_ref idref="oc-fc"/>
      </symbol>
      <symbol id="sm-3ae">
         <name>__negd</name>
         <value>0x2537c</value>
         <object_component_ref idref="oc-100"/>
      </symbol>
      <symbol id="sm-3b8">
         <name>__remli</name>
         <value>0x25138</value>
         <object_component_ref idref="oc-104"/>
      </symbol>
      <symbol id="sm-3c3">
         <name>__remul</name>
         <value>0x24d82</value>
         <object_component_ref idref="oc-108"/>
      </symbol>
      <symbol id="sm-3cd">
         <name>_setvbuf</name>
         <value>0x246ac</value>
         <object_component_ref idref="oc-10c"/>
      </symbol>
      <symbol id="sm-3d7">
         <name>__subd</name>
         <value>0x25343</value>
         <object_component_ref idref="oc-110"/>
      </symbol>
      <symbol id="sm-3df">
         <name>__remu</name>
         <value>0x252f2</value>
         <object_component_ref idref="oc-114"/>
      </symbol>
      <symbol id="sm-3e0">
         <name>__divu</name>
         <value>0x252dd</value>
         <object_component_ref idref="oc-114"/>
      </symbol>
      <symbol id="sm-3e1">
         <name>I$$UMOD</name>
         <value>0x252f2</value>
         <object_component_ref idref="oc-114"/>
      </symbol>
      <symbol id="sm-3e2">
         <name>I$$UDIV</name>
         <value>0x252dd</value>
         <object_component_ref idref="oc-114"/>
      </symbol>
      <symbol id="sm-3ec">
         <name>__addd</name>
         <value>0x23854</value>
         <object_component_ref idref="oc-118"/>
      </symbol>
      <symbol id="sm-3f6">
         <name>__divli</name>
         <value>0x251cc</value>
         <object_component_ref idref="oc-11c"/>
      </symbol>
      <symbol id="sm-400">
         <name>__frcmpyd</name>
         <value>0x24c99</value>
         <object_component_ref idref="oc-120"/>
      </symbol>
   </symbol_table>
</link_info>
